Arguments: 
  D:\node\node.exe D:\node\node_global\node_modules\yarn\bin\yarn.js install --verbose

PATH: 
  C:\Program Files\Common Files\Oracle\Java\javapath;C:\Program Files (x86)\Common Files\Oracle\Java\javapath;C:\WINDOWS\system32;C:\WINDOWS;C:\WINDOWS\System32\Wbem;C:\WINDOWS\System32\WindowsPowerShell\v1.0\;C:\WINDOWS\System32\OpenSSH\;D:\go-version\bin;D:\install\git-tool\Git\cmd;D:\install\data-mongodb\bin;D:\install\docker\docker-install\resources\bin;D:\node\;D:\node;D:\node\node_global;D:\gcc-version\x86_64-8.1.0-release-win32-seh-rt_v6-rev0\mingw64\bin;C：\Windows\System32;C:\Program Files\dotnet\;D:\conda;D:\conda\Scripts;D:\conda\Library\bin;C:\Program Files\Pandoc\;D:\python_env\Scripts\;D:\python_env\;C:\Users\13839\AppData\Local\Programs\Python\Launcher\;C:\Users\13839\AppData\Local\Microsoft\WindowsApps;C:\Users\13839\go\bin;D:\install\goLand-jet\GoLand 2023.2.2\bin;;C:\Users\13839\AppData\Roaming\npm;D:\install\pyCharm\PyCharm 2024.2\bin;;D:\install\vscode\Microsoft VS Code\bin;

Yarn version: 
  1.22.19

Node version: 
  18.18.0

Platform: 
  win32 x64

Trace: 
  Error: certificate has expired
      at TLSSocket.onConnectSecure (node:_tls_wrap:1600:34)
      at TLSSocket.emit (node:events:517:28)
      at TLSSocket._finishInit (node:_tls_wrap:1017:8)
      at ssl.onhandshakedone (node:_tls_wrap:803:12)

npm manifest: 
  {
    "name": "jkdev-vue",
    "version": "0.1.0",
    "private": true,
    "scripts": {
      "serve": "vue-cli-service serve",
      "build": "vue-cli-service build",
      "lint": "vue-cli-service lint"
    },
    "dependencies": {
      "@vue/babel-preset-app": "^5.0.8",
      "array.prototype.find": "^2.2.2",
      "axios": "^0.19.2",
      "babel-preset-es2015": "^6.24.1",
      "bootstrap": "^4.4.1",
      "bootstrap-vue": "^2.11.0",
      "cache-loader": "^4.1.0",
      "core-js": "^3.6.4",
      "es-to-primitive": "^1.2.1",
      "eslint": "^8.50.0",
      "eslint-import-resolver-webpack": "^0.13.7",
      "internal-slot": "^1.0.5",
      "is-callable": "^1.2.7",
      "node-sass": "^8.0.0",
      "safe-regex-test": "^1.0.0",
      "sass": "^1.26.5",
      "sass-loader": "^8.0.0",
      "string.prototype.trim": "^1.2.8",
      "three": "^0.157.0",
      "vue": "^2.6.11",
      "vue-axios": "^2.1.5",
      "vue-router": "^3.1.6",
      "vuelidate": "^0.7.5",
      "vuex": "^3.1.3"
    },
    "devDependencies": {
      "@vue/cli-plugin-babel": "~4.3.0",
      "@vue/cli-plugin-eslint": "~4.3.0",
      "@vue/cli-plugin-router": "~4.3.0",
      "@vue/cli-plugin-vuex": "~4.3.0",
      "@vue/cli-service": "~4.3.0",
      "@vue/eslint-config-airbnb": "^5.0.2",
      "babel-eslint": "^10.1.0",
      "eslint": "^8.50.0",
      "eslint-plugin-import": "^2.20.2",
      "eslint-plugin-vue": "^6.2.2",
      "vue-template-compiler": "^2.6.11"
    },
    "description": "上传git仓库时，已经忽略node_modules目录，运行项目时，需要先安装依赖",
    "main": ".eslintrc.js",
    "keywords": [],
    "author": "",
    "license": "ISC"
  }

yarn manifest: 
  No manifest

Lockfile: 
  No lockfile
